<?xml version="1.0" encoding="utf-8"?>
<TestRun id="f346f131-74e1-468e-aadf-de9cd8830316" name="Freebooz@FREEBOOZ 2026-07-29 09:55:07" runUser="FREEBOOZ\Freebooz" xmlns="http://microsoft.com/schemas/VisualStudio/TeamTest/2010">
  <Times creation="2026-07-29T09:55:07.2928778+08:00" queuing="2026-07-29T09:55:07.2928784+08:00" start="2026-07-29T09:55:04.6953070+08:00" finish="2026-07-29T09:55:07.3289105+08:00" />
  <TestSettings name="default" id="3bdcecc8-db01-4e67-b23e-622b9bf7d7fe">
    <Deployment runDeploymentRoot="Freebooz_FREEBOOZ_2026-07-29_09_55_07" />
  </TestSettings>
  <Results>
    <UnitTestResult executionId="1dabe8dc-2a0b-4166-a2a3-2e9d80e3c041" testId="b775bcd2-df29-5437-6c7f-d4ce5dcc9151" testName="GuiyangMahjong.Allocator.Tests.InstanceFailureNotifierTests.NotifyAsync_SuccessResponse_Completes" computerName="FREEBOOZ" duration="00:00:00.0006349" startTime="2026-07-29T09:55:07.1952239+08:00" endTime="2026-07-29T09:55:07.1957489+08:00" testType="13cdc9d9-ddb5-4fa4-a97d-d965ccfc6d4b" outcome="Passed" testListId="8c84fa94-04c1-424b-9868-57a2d4851a1d" relativeResultsDirectory="1dabe8dc-2a0b-4166-a2a3-2e9d80e3c041" />
    <UnitTestResult executionId="9bfe4900-02b9-487e-baae-9c26dbb1e1f6" testId="5a386c28-c980-3a16-b5cf-88fa7d474f8f" testName="GuiyangMahjong.Allocator.Tests.GameServerInstanceManagerTests.Drain_CallerCancellationDuringShutdown_StillStopsAndReleasesPort" computerName="FREEBOOZ" duration="00:00:00.0005753" startTime="2026-07-29T09:55:07.2815043+08:00" endTime="2026-07-29T09:55:07.2820413+08:00" testType="13cdc9d9-ddb5-4fa4-a97d-d965ccfc6d4b" outcome="Passed" testListId="8c84fa94-04c1-424b-9868-57a2d4851a1d" relativeResultsDirectory="9bfe4900-02b9-487e-baae-9c26dbb1e1f6" />
    <UnitTestResult executionId="0e26322f-80ba-4018-b2b6-0b5c194f0c14" testId="631463de-a5cf-f79f-9cca-9ce58407706a" testName="GuiyangMahjong.Allocator.Tests.GameServerInstanceManagerTests.RegistrationCredential_IsOneTimeAndInvalidCredentialIsRejected" computerName="FREEBOOZ" duration="00:00:00.0007330" startTime="2026-07-29T09:55:07.2886557+08:00" endTime="2026-07-29T09:55:07.2893570+08:00" testType="13cdc9d9-ddb5-4fa4-a97d-d965ccfc6d4b" outcome="Passed" testListId="8c84fa94-04c1-424b-9868-57a2d4851a1d" relativeResultsDirectory="0e26322f-80ba-4018-b2b6-0b5c194f0c14" />
    <UnitTestResult executionId="e16e9c13-4fa5-4f05-8a18-f6ddfc912333" testId="f569ce45-dd17-d535-e7f8-46629b5a8493" testName="GuiyangMahjong.Allocator.Tests.MatchResultOutboxRecoveryTests.MismatchedFilename_IsRejectedLocallyAndRetained" computerName="FREEBOOZ" duration="00:00:00.0056790" startTime="2026-07-29T09:55:07.2385762+08:00" endTime="2026-07-29T09:55:07.2386395+08:00" testType="13cdc9d9-ddb5-4fa4-a97d-d965ccfc6d4b" outcome="Passed" testListId="8c84fa94-04c1-424b-9868-57a2d4851a1d" relativeResultsDirectory="e16e9c13-4fa5-4f05-8a18-f6ddfc912333" />
    <UnitTestResult executionId="3b23f9c5-89f7-416b-882a-03ad03bf1b15" testId="59d52b99-f543-e1ed-0350-361d05d9334d" testName="GuiyangMahjong.Allocator.Tests.GameServerInstanceManagerTests.Drain_StopsInstanceAndMakesPortReusable" computerName="FREEBOOZ" duration="00:00:00.1077972" startTime="2026-07-29T09:55:07.1570944+08:00" endTime="2026-07-29T09:55:07.2678872+08:00" testType="13cdc9d9-ddb5-4fa4-a97d-d965ccfc6d4b" outcome="Passed" testListId="8c84fa94-04c1-424b-9868-57a2d4851a1d" relativeResultsDirectory="3b23f9c5-89f7-416b-882a-03ad03bf1b15" />
    <UnitTestResult executionId="b3765db4-f038-4c3e-aa38-4ed0e385fb9b" testId="937b5fa5-f8c2-4a72-fb7f-243a3d3d5e96" testName="GuiyangMahjong.Allocator.Tests.MonitoringCredentialTests.MonitoringTokenCannotDrainInstance" computerName="FREEBOOZ" duration="00:00:00.0096954" startTime="2026-07-29T09:55:07.1931773+08:00" endTime="2026-07-29T09:55:07.2028030+08:00" testType="13cdc9d9-ddb5-4fa4-a97d-d965ccfc6d4b" outcome="Passed" testListId="8c84fa94-04c1-424b-9868-57a2d4851a1d" relativeResultsDirectory="b3765db4-f038-4c3e-aa38-4ed0e385fb9b" />
    <UnitTestResult executionId="ff486fc6-9ea5-4cb2-b638-85157c15d4d5" testId="0136cb85-763e-e794-7655-b68b31939329" testName="GuiyangMahjong.Allocator.Tests.MatchResultOutboxRecoveryTests.ValidOutbox_IsAcknowledgedAndDeletedWithoutPersistingCredentials" computerName="FREEBOOZ" duration="00:00:00.0558689" startTime="2026-07-29T09:55:07.1560661+08:00" endTime="2026-07-29T09:55:07.2174721+08:00" testType="13cdc9d9-ddb5-4fa4-a97d-d965ccfc6d4b" outcome="Passed" testListId="8c84fa94-04c1-424b-9868-57a2d4851a1d" relativeResultsDirectory="ff486fc6-9ea5-4cb2-b638-85157c15d4d5" />
    <UnitTestResult executionId="70a758fc-d7d9-458d-956a-3f2af4eac3c9" testId="1f55b3d5-9015-6eda-77f6-be3dfb94a08a" testName="GuiyangMahjong.Allocator.Tests.GameServerInstanceManagerTests.Restart_MissingProcess_FailsInstanceAndReleasesPort" computerName="FREEBOOZ" duration="00:00:00.0029968" startTime="2026-07-29T09:55:07.2774871+08:00" endTime="2026-07-29T09:55:07.2804077+08:00" testType="13cdc9d9-ddb5-4fa4-a97d-d965ccfc6d4b" outcome="Passed" testListId="8c84fa94-04c1-424b-9868-57a2d4851a1d" relativeResultsDirectory="70a758fc-d7d9-458d-956a-3f2af4eac3c9" />
    <UnitTestResult executionId="c52b54b4-81ed-487b-a3f2-773807865847" testId="d7b2109d-e4ad-a22c-728f-9755d3fb10dd" testName="GuiyangMahjong.Allocator.Tests.InstanceFailureNotifierTests.NotifyAsync_NonSuccessResponse_RemainsRetryable" computerName="FREEBOOZ" duration="00:00:00.0350583" startTime="2026-07-29T09:55:07.1570330+08:00" endTime="2026-07-29T09:55:07.1950466+08:00" testType="13cdc9d9-ddb5-4fa4-a97d-d965ccfc6d4b" outcome="Passed" testListId="8c84fa94-04c1-424b-9868-57a2d4851a1d" relativeResultsDirectory="c52b54b4-81ed-487b-a3f2-773807865847" />
    <UnitTestResult executionId="05004a38-71f5-4827-b600-d99d9316b47f" testId="eab88fb0-9e2d-514a-e6bb-67b700fa88ca" testName="GuiyangMahjong.Allocator.Tests.GameServerInstanceManagerTests.AdminTerminationChecksExpectedStateAndIsIdempotent" computerName="FREEBOOZ" duration="00:00:00.0019127" startTime="2026-07-29T09:55:07.2680365+08:00" endTime="2026-07-29T09:55:07.2698537+08:00" testType="13cdc9d9-ddb5-4fa4-a97d-d965ccfc6d4b" outcome="Passed" testListId="8c84fa94-04c1-424b-9868-57a2d4851a1d" relativeResultsDirectory="05004a38-71f5-4827-b600-d99d9316b47f" />
    <UnitTestResult executionId="ec0cd977-4da8-410b-b2cd-55b7e920bed6" testId="ccc949ec-3bf2-6ae8-a700-1240d2c96984" testName="GuiyangMahjong.Allocator.Tests.LinuxProcessLauncherTests.LaunchAsync_OnLinux_PutsConfiguredMapBeforeManagedArgumentsAndSkipsBlanks" computerName="FREEBOOZ" duration="00:00:00.0008280" startTime="2026-07-29T09:55:07.1807662+08:00" endTime="2026-07-29T09:55:07.1808079+08:00" testType="13cdc9d9-ddb5-4fa4-a97d-d965ccfc6d4b" outcome="Passed" testListId="8c84fa94-04c1-424b-9868-57a2d4851a1d" relativeResultsDirectory="ec0cd977-4da8-410b-b2cd-55b7e920bed6" />
    <UnitTestResult executionId="af2ce192-9ddd-4a3b-b1d8-8cbe7f022774" testId="6b947eda-f8ec-3f83-531f-142ed3e28001" testName="GuiyangMahjong.Allocator.Tests.MonitoringCredentialTests.MonitoringTokenCanReadInstances" computerName="FREEBOOZ" duration="00:00:00.0329532" startTime="2026-07-29T09:55:07.1570729+08:00" endTime="2026-07-29T09:55:07.1930248+08:00" testType="13cdc9d9-ddb5-4fa4-a97d-d965ccfc6d4b" outcome="Passed" testListId="8c84fa94-04c1-424b-9868-57a2d4851a1d" relativeResultsDirectory="af2ce192-9ddd-4a3b-b1d8-8cbe7f022774" />
    <UnitTestResult executionId="89dc5851-e52f-46f0-9c48-43af0b9e38bf" testId="375efa04-1d60-e80a-fc8f-d2a2b4585d57" testName="GuiyangMahjong.Allocator.Tests.GameServerInstanceManagerTests.AgonesAllocation_UsesReturnedRoute_RegistersAndDeletesGameServerOnDrain" computerName="FREEBOOZ" duration="00:00:00.0050327" startTime="2026-07-29T09:55:07.2821486+08:00" endTime="2026-07-29T09:55:07.2871293+08:00" testType="13cdc9d9-ddb5-4fa4-a97d-d965ccfc6d4b" outcome="Passed" testListId="8c84fa94-04c1-424b-9868-57a2d4851a1d" relativeResultsDirectory="89dc5851-e52f-46f0-9c48-43af0b9e38bf" />
    <UnitTestResult executionId="8d5d0d3e-dd7d-49bc-9f5b-e811ea844333" testId="c88a4758-6f8e-9b43-d1ad-cecd5241de7b" testName="GuiyangMahjong.Allocator.Tests.LinuxProcessLauncherTests.StopAsync_OnLinux_SendsSigTermBeforeForcedKill" computerName="FREEBOOZ" duration="00:00:00.0110785" startTime="2026-07-29T09:55:07.1571091+08:00" endTime="2026-07-29T09:55:07.1729465+08:00" testType="13cdc9d9-ddb5-4fa4-a97d-d965ccfc6d4b" outcome="Passed" testListId="8c84fa94-04c1-424b-9868-57a2d4851a1d" relativeResultsDirectory="8d5d0d3e-dd7d-49bc-9f5b-e811ea844333" />
    <UnitTestResult executionId="5be92efd-6e91-4fce-ab49-6d82e2a8c351" testId="a60beb06-831f-8aaf-a6a2-45d4c31da5db" testName="GuiyangMahjong.Allocator.Tests.GameServerInstanceManagerTests.ConcurrentAllocations_UseUniquePortsAndProcesses" computerName="FREEBOOZ" duration="00:00:00.0023710" startTime="2026-07-29T09:55:07.2700638+08:00" endTime="2026-07-29T09:55:07.2722401+08:00" testType="13cdc9d9-ddb5-4fa4-a97d-d965ccfc6d4b" outcome="Passed" testListId="8c84fa94-04c1-424b-9868-57a2d4851a1d" relativeResultsDirectory="5be92efd-6e91-4fce-ab49-6d82e2a8c351" />
    <UnitTestResult executionId="a2af3253-ec10-4a92-baae-245edfd2c2e7" testId="3f5ae5d7-dbdc-0d6e-9f4f-4771de421745" testName="GuiyangMahjong.Allocator.Tests.GameServerInstanceManagerTests.Restart_ReattachesLiveProcess_ReservesPort_AndKeepsHeartbeatCredential" computerName="FREEBOOZ" duration="00:00:00.0013635" startTime="2026-07-29T09:55:07.2883815+08:00" endTime="2026-07-29T09:55:07.2885372+08:00" testType="13cdc9d9-ddb5-4fa4-a97d-d965ccfc6d4b" outcome="Passed" testListId="8c84fa94-04c1-424b-9868-57a2d4851a1d" relativeResultsDirectory="a2af3253-ec10-4a92-baae-245edfd2c2e7" />
    <UnitTestResult executionId="9929be14-0df2-4c74-a032-0dad11b9577d" testId="c9f4cb37-6569-fa04-3120-777300ef33b0" testName="GuiyangMahjong.Allocator.Tests.GameServerInstanceManagerTests.FailureNotification_IsPersistedAndRetriedAfterTransientError" computerName="FREEBOOZ" duration="00:00:00.0009740" startTime="2026-07-29T09:55:07.2805476+08:00" endTime="2026-07-29T09:55:07.2814156+08:00" testType="13cdc9d9-ddb5-4fa4-a97d-d965ccfc6d4b" outcome="Passed" testListId="8c84fa94-04c1-424b-9868-57a2d4851a1d" relativeResultsDirectory="9929be14-0df2-4c74-a032-0dad11b9577d" />
    <UnitTestResult executionId="fa57c2f7-bb78-4c06-946e-675990216398" testId="ef3ecdf6-5926-27dc-701d-92e5e0ac80cf" testName="GuiyangMahjong.Allocator.Tests.MonitoringCredentialTests.OnlyManagementTokenCanTerminateInstance" computerName="FREEBOOZ" duration="00:00:00.0005785" startTime="2026-07-29T09:55:07.2030166+08:00" endTime="2026-07-29T09:55:07.2034251+08:00" testType="13cdc9d9-ddb5-4fa4-a97d-d965ccfc6d4b" outcome="Passed" testListId="8c84fa94-04c1-424b-9868-57a2d4851a1d" relativeResultsDirectory="fa57c2f7-bb78-4c06-946e-675990216398" />
    <UnitTestResult executionId="8d97a68f-6836-4958-9df3-3fed833ab000" testId="fa5474f4-263c-996f-b6b9-c70bb722f4b6" testName="GuiyangMahjong.Allocator.Tests.GameServerInstanceManagerTests.HeartbeatTimeout_StopsProcessBeforePortIsReclaimed" computerName="FREEBOOZ" duration="00:00:00.0050046" startTime="2026-07-29T09:55:07.2723624+08:00" endTime="2026-07-29T09:55:07.2773342+08:00" testType="13cdc9d9-ddb5-4fa4-a97d-d965ccfc6d4b" outcome="Passed" testListId="8c84fa94-04c1-424b-9868-57a2d4851a1d" relativeResultsDirectory="8d97a68f-6836-4958-9df3-3fed833ab000" />
    <UnitTestResult executionId="2698d626-b55f-4292-8345-d02375761017" testId="422ee544-1f8d-4f96-8aea-9addf40ab1a4" testName="GuiyangMahjong.Allocator.Tests.GameServerInstanceManagerTests.Drain_RetriesPersistedDrainingInstance" computerName="FREEBOOZ" duration="00:00:00.0006685" startTime="2026-07-29T09:55:07.2895708+08:00" endTime="2026-07-29T09:55:07.2900152+08:00" testType="13cdc9d9-ddb5-4fa4-a97d-d965ccfc6d4b" outcome="Passed" testListId="8c84fa94-04c1-424b-9868-57a2d4851a1d" relativeResultsDirectory="2698d626-b55f-4292-8345-d02375761017" />
  </Results>
  <TestDefinitions>
    <UnitTest name="GuiyangMahjong.Allocator.Tests.LinuxProcessLauncherTests.StopAsync_OnLinux_SendsSigTermBeforeForcedKill" storage="h:\mahjonggame\services\guiyangmahjong.allocator.tests\bin\release\net10.0\guiyangmahjong.allocator.tests.dll" id="c88a4758-6f8e-9b43-d1ad-cecd5241de7b">
      <Execution id="8d5d0d3e-dd7d-49bc-9f5b-e811ea844333" />
      <TestMethod codeBase="H:\MahjongGame\Services\GuiyangMahjong.Allocator.Tests\bin\Release\net10.0\GuiyangMahjong.Allocator.Tests.dll" adapterTypeName="executor://xunit/VsTestRunner3/netcore/" className="GuiyangMahjong.Allocator.Tests.LinuxProcessLauncherTests" name="StopAsync_OnLinux_SendsSigTermBeforeForcedKill" />
    </UnitTest>
    <UnitTest name="GuiyangMahjong.Allocator.Tests.GameServerInstanceManagerTests.Drain_StopsInstanceAndMakesPortReusable" storage="h:\mahjonggame\services\guiyangmahjong.allocator.tests\bin\release\net10.0\guiyangmahjong.allocator.tests.dll" id="59d52b99-f543-e1ed-0350-361d05d9334d">
      <Execution id="3b23f9c5-89f7-416b-882a-03ad03bf1b15" />
      <TestMethod codeBase="H:\MahjongGame\Services\GuiyangMahjong.Allocator.Tests\bin\Release\net10.0\GuiyangMahjong.Allocator.Tests.dll" adapterTypeName="executor://xunit/VsTestRunner3/netcore/" className="GuiyangMahjong.Allocator.Tests.GameServerInstanceManagerTests" name="Drain_StopsInstanceAndMakesPortReusable" />
    </UnitTest>
    <UnitTest name="GuiyangMahjong.Allocator.Tests.MonitoringCredentialTests.MonitoringTokenCannotDrainInstance" storage="h:\mahjonggame\services\guiyangmahjong.allocator.tests\bin\release\net10.0\guiyangmahjong.allocator.tests.dll" id="937b5fa5-f8c2-4a72-fb7f-243a3d3d5e96">
      <Execution id="b3765db4-f038-4c3e-aa38-4ed0e385fb9b" />
      <TestMethod codeBase="H:\MahjongGame\Services\GuiyangMahjong.Allocator.Tests\bin\Release\net10.0\GuiyangMahjong.Allocator.Tests.dll" adapterTypeName="executor://xunit/VsTestRunner3/netcore/" className="GuiyangMahjong.Allocator.Tests.MonitoringCredentialTests" name="MonitoringTokenCannotDrainInstance" />
    </UnitTest>
    <UnitTest name="GuiyangMahjong.Allocator.Tests.InstanceFailureNotifierTests.NotifyAsync_NonSuccessResponse_RemainsRetryable" storage="h:\mahjonggame\services\guiyangmahjong.allocator.tests\bin\release\net10.0\guiyangmahjong.allocator.tests.dll" id="d7b2109d-e4ad-a22c-728f-9755d3fb10dd">
      <Execution id="c52b54b4-81ed-487b-a3f2-773807865847" />
      <TestMethod codeBase="H:\MahjongGame\Services\GuiyangMahjong.Allocator.Tests\bin\Release\net10.0\GuiyangMahjong.Allocator.Tests.dll" adapterTypeName="executor://xunit/VsTestRunner3/netcore/" className="GuiyangMahjong.Allocator.Tests.InstanceFailureNotifierTests" name="NotifyAsync_NonSuccessResponse_RemainsRetryable" />
    </UnitTest>
    <UnitTest name="GuiyangMahjong.Allocator.Tests.GameServerInstanceManagerTests.AgonesAllocation_UsesReturnedRoute_RegistersAndDeletesGameServerOnDrain" storage="h:\mahjonggame\services\guiyangmahjong.allocator.tests\bin\release\net10.0\guiyangmahjong.allocator.tests.dll" id="375efa04-1d60-e80a-fc8f-d2a2b4585d57">
      <Execution id="89dc5851-e52f-46f0-9c48-43af0b9e38bf" />
      <TestMethod codeBase="H:\MahjongGame\Services\GuiyangMahjong.Allocator.Tests\bin\Release\net10.0\GuiyangMahjong.Allocator.Tests.dll" adapterTypeName="executor://xunit/VsTestRunner3/netcore/" className="GuiyangMahjong.Allocator.Tests.GameServerInstanceManagerTests" name="AgonesAllocation_UsesReturnedRoute_RegistersAndDeletesGameServerOnDrain" />
    </UnitTest>
    <UnitTest name="GuiyangMahjong.Allocator.Tests.MatchResultOutboxRecoveryTests.ValidOutbox_IsAcknowledgedAndDeletedWithoutPersistingCredentials" storage="h:\mahjonggame\services\guiyangmahjong.allocator.tests\bin\release\net10.0\guiyangmahjong.allocator.tests.dll" id="0136cb85-763e-e794-7655-b68b31939329">
      <Execution id="ff486fc6-9ea5-4cb2-b638-85157c15d4d5" />
      <TestMethod codeBase="H:\MahjongGame\Services\GuiyangMahjong.Allocator.Tests\bin\Release\net10.0\GuiyangMahjong.Allocator.Tests.dll" adapterTypeName="executor://xunit/VsTestRunner3/netcore/" className="GuiyangMahjong.Allocator.Tests.MatchResultOutboxRecoveryTests" name="ValidOutbox_IsAcknowledgedAndDeletedWithoutPersistingCredentials" />
    </UnitTest>
    <UnitTest name="GuiyangMahjong.Allocator.Tests.GameServerInstanceManagerTests.Drain_CallerCancellationDuringShutdown_StillStopsAndReleasesPort" storage="h:\mahjonggame\services\guiyangmahjong.allocator.tests\bin\release\net10.0\guiyangmahjong.allocator.tests.dll" id="5a386c28-c980-3a16-b5cf-88fa7d474f8f">
      <Execution id="9bfe4900-02b9-487e-baae-9c26dbb1e1f6" />
      <TestMethod codeBase="H:\MahjongGame\Services\GuiyangMahjong.Allocator.Tests\bin\Release\net10.0\GuiyangMahjong.Allocator.Tests.dll" adapterTypeName="executor://xunit/VsTestRunner3/netcore/" className="GuiyangMahjong.Allocator.Tests.GameServerInstanceManagerTests" name="Drain_CallerCancellationDuringShutdown_StillStopsAndReleasesPort" />
    </UnitTest>
    <UnitTest name="GuiyangMahjong.Allocator.Tests.GameServerInstanceManagerTests.HeartbeatTimeout_StopsProcessBeforePortIsReclaimed" storage="h:\mahjonggame\services\guiyangmahjong.allocator.tests\bin\release\net10.0\guiyangmahjong.allocator.tests.dll" id="fa5474f4-263c-996f-b6b9-c70bb722f4b6">
      <Execution id="8d97a68f-6836-4958-9df3-3fed833ab000" />
      <TestMethod codeBase="H:\MahjongGame\Services\GuiyangMahjong.Allocator.Tests\bin\Release\net10.0\GuiyangMahjong.Allocator.Tests.dll" adapterTypeName="executor://xunit/VsTestRunner3/netcore/" className="GuiyangMahjong.Allocator.Tests.GameServerInstanceManagerTests" name="HeartbeatTimeout_StopsProcessBeforePortIsReclaimed" />
    </UnitTest>
    <UnitTest name="GuiyangMahjong.Allocator.Tests.MonitoringCredentialTests.MonitoringTokenCanReadInstances" storage="h:\mahjonggame\services\guiyangmahjong.allocator.tests\bin\release\net10.0\guiyangmahjong.allocator.tests.dll" id="6b947eda-f8ec-3f83-531f-142ed3e28001">
      <Execution id="af2ce192-9ddd-4a3b-b1d8-8cbe7f022774" />
      <TestMethod codeBase="H:\MahjongGame\Services\GuiyangMahjong.Allocator.Tests\bin\Release\net10.0\GuiyangMahjong.Allocator.Tests.dll" adapterTypeName="executor://xunit/VsTestRunner3/netcore/" className="GuiyangMahjong.Allocator.Tests.MonitoringCredentialTests" name="MonitoringTokenCanReadInstances" />
    </UnitTest>
    <UnitTest name="GuiyangMahjong.Allocator.Tests.MonitoringCredentialTests.OnlyManagementTokenCanTerminateInstance" storage="h:\mahjonggame\services\guiyangmahjong.allocator.tests\bin\release\net10.0\guiyangmahjong.allocator.tests.dll" id="ef3ecdf6-5926-27dc-701d-92e5e0ac80cf">
      <Execution id="fa57c2f7-bb78-4c06-946e-675990216398" />
      <TestMethod codeBase="H:\MahjongGame\Services\GuiyangMahjong.Allocator.Tests\bin\Release\net10.0\GuiyangMahjong.Allocator.Tests.dll" adapterTypeName="executor://xunit/VsTestRunner3/netcore/" className="GuiyangMahjong.Allocator.Tests.MonitoringCredentialTests" name="OnlyManagementTokenCanTerminateInstance" />
    </UnitTest>
    <UnitTest name="GuiyangMahjong.Allocator.Tests.InstanceFailureNotifierTests.NotifyAsync_SuccessResponse_Completes" storage="h:\mahjonggame\services\guiyangmahjong.allocator.tests\bin\release\net10.0\guiyangmahjong.allocator.tests.dll" id="b775bcd2-df29-5437-6c7f-d4ce5dcc9151">
      <Execution id="1dabe8dc-2a0b-4166-a2a3-2e9d80e3c041" />
      <TestMethod codeBase="H:\MahjongGame\Services\GuiyangMahjong.Allocator.Tests\bin\Release\net10.0\GuiyangMahjong.Allocator.Tests.dll" adapterTypeName="executor://xunit/VsTestRunner3/netcore/" className="GuiyangMahjong.Allocator.Tests.InstanceFailureNotifierTests" name="NotifyAsync_SuccessResponse_Completes" />
    </UnitTest>
    <UnitTest name="GuiyangMahjong.Allocator.Tests.GameServerInstanceManagerTests.Restart_ReattachesLiveProcess_ReservesPort_AndKeepsHeartbeatCredential" storage="h:\mahjonggame\services\guiyangmahjong.allocator.tests\bin\release\net10.0\guiyangmahjong.allocator.tests.dll" id="3f5ae5d7-dbdc-0d6e-9f4f-4771de421745">
      <Execution id="a2af3253-ec10-4a92-baae-245edfd2c2e7" />
      <TestMethod codeBase="H:\MahjongGame\Services\GuiyangMahjong.Allocator.Tests\bin\Release\net10.0\GuiyangMahjong.Allocator.Tests.dll" adapterTypeName="executor://xunit/VsTestRunner3/netcore/" className="GuiyangMahjong.Allocator.Tests.GameServerInstanceManagerTests" name="Restart_ReattachesLiveProcess_ReservesPort_AndKeepsHeartbeatCredential" />
    </UnitTest>
    <UnitTest name="GuiyangMahjong.Allocator.Tests.GameServerInstanceManagerTests.FailureNotification_IsPersistedAndRetriedAfterTransientError" storage="h:\mahjonggame\services\guiyangmahjong.allocator.tests\bin\release\net10.0\guiyangmahjong.allocator.tests.dll" id="c9f4cb37-6569-fa04-3120-777300ef33b0">
      <Execution id="9929be14-0df2-4c74-a032-0dad11b9577d" />
      <TestMethod codeBase="H:\MahjongGame\Services\GuiyangMahjong.Allocator.Tests\bin\Release\net10.0\GuiyangMahjong.Allocator.Tests.dll" adapterTypeName="executor://xunit/VsTestRunner3/netcore/" className="GuiyangMahjong.Allocator.Tests.GameServerInstanceManagerTests" name="FailureNotification_IsPersistedAndRetriedAfterTransientError" />
    </UnitTest>
    <UnitTest name="GuiyangMahjong.Allocator.Tests.GameServerInstanceManagerTests.AdminTerminationChecksExpectedStateAndIsIdempotent" storage="h:\mahjonggame\services\guiyangmahjong.allocator.tests\bin\release\net10.0\guiyangmahjong.allocator.tests.dll" id="eab88fb0-9e2d-514a-e6bb-67b700fa88ca">
      <Execution id="05004a38-71f5-4827-b600-d99d9316b47f" />
      <TestMethod codeBase="H:\MahjongGame\Services\GuiyangMahjong.Allocator.Tests\bin\Release\net10.0\GuiyangMahjong.Allocator.Tests.dll" adapterTypeName="executor://xunit/VsTestRunner3/netcore/" className="GuiyangMahjong.Allocator.Tests.GameServerInstanceManagerTests" name="AdminTerminationChecksExpectedStateAndIsIdempotent" />
    </UnitTest>
    <UnitTest name="GuiyangMahjong.Allocator.Tests.GameServerInstanceManagerTests.ConcurrentAllocations_UseUniquePortsAndProcesses" storage="h:\mahjonggame\services\guiyangmahjong.allocator.tests\bin\release\net10.0\guiyangmahjong.allocator.tests.dll" id="a60beb06-831f-8aaf-a6a2-45d4c31da5db">
      <Execution id="5be92efd-6e91-4fce-ab49-6d82e2a8c351" />
      <TestMethod codeBase="H:\MahjongGame\Services\GuiyangMahjong.Allocator.Tests\bin\Release\net10.0\GuiyangMahjong.Allocator.Tests.dll" adapterTypeName="executor://xunit/VsTestRunner3/netcore/" className="GuiyangMahjong.Allocator.Tests.GameServerInstanceManagerTests" name="ConcurrentAllocations_UseUniquePortsAndProcesses" />
    </UnitTest>
    <UnitTest name="GuiyangMahjong.Allocator.Tests.MatchResultOutboxRecoveryTests.MismatchedFilename_IsRejectedLocallyAndRetained" storage="h:\mahjonggame\services\guiyangmahjong.allocator.tests\bin\release\net10.0\guiyangmahjong.allocator.tests.dll" id="f569ce45-dd17-d535-e7f8-46629b5a8493">
      <Execution id="e16e9c13-4fa5-4f05-8a18-f6ddfc912333" />
      <TestMethod codeBase="H:\MahjongGame\Services\GuiyangMahjong.Allocator.Tests\bin\Release\net10.0\GuiyangMahjong.Allocator.Tests.dll" adapterTypeName="executor://xunit/VsTestRunner3/netcore/" className="GuiyangMahjong.Allocator.Tests.MatchResultOutboxRecoveryTests" name="MismatchedFilename_IsRejectedLocallyAndRetained" />
    </UnitTest>
    <UnitTest name="GuiyangMahjong.Allocator.Tests.GameServerInstanceManagerTests.Restart_MissingProcess_FailsInstanceAndReleasesPort" storage="h:\mahjonggame\services\guiyangmahjong.allocator.tests\bin\release\net10.0\guiyangmahjong.allocator.tests.dll" id="1f55b3d5-9015-6eda-77f6-be3dfb94a08a">
      <Execution id="70a758fc-d7d9-458d-956a-3f2af4eac3c9" />
      <TestMethod codeBase="H:\MahjongGame\Services\GuiyangMahjong.Allocator.Tests\bin\Release\net10.0\GuiyangMahjong.Allocator.Tests.dll" adapterTypeName="executor://xunit/VsTestRunner3/netcore/" className="GuiyangMahjong.Allocator.Tests.GameServerInstanceManagerTests" name="Restart_MissingProcess_FailsInstanceAndReleasesPort" />
    </UnitTest>
    <UnitTest name="GuiyangMahjong.Allocator.Tests.LinuxProcessLauncherTests.LaunchAsync_OnLinux_PutsConfiguredMapBeforeManagedArgumentsAndSkipsBlanks" storage="h:\mahjonggame\services\guiyangmahjong.allocator.tests\bin\release\net10.0\guiyangmahjong.allocator.tests.dll" id="ccc949ec-3bf2-6ae8-a700-1240d2c96984">
      <Execution id="ec0cd977-4da8-410b-b2cd-55b7e920bed6" />
      <TestMethod codeBase="H:\MahjongGame\Services\GuiyangMahjong.Allocator.Tests\bin\Release\net10.0\GuiyangMahjong.Allocator.Tests.dll" adapterTypeName="executor://xunit/VsTestRunner3/netcore/" className="GuiyangMahjong.Allocator.Tests.LinuxProcessLauncherTests" name="LaunchAsync_OnLinux_PutsConfiguredMapBeforeManagedArgumentsAndSkipsBlanks" />
    </UnitTest>
    <UnitTest name="GuiyangMahjong.Allocator.Tests.GameServerInstanceManagerTests.Drain_RetriesPersistedDrainingInstance" storage="h:\mahjonggame\services\guiyangmahjong.allocator.tests\bin\release\net10.0\guiyangmahjong.allocator.tests.dll" id="422ee544-1f8d-4f96-8aea-9addf40ab1a4">
      <Execution id="2698d626-b55f-4292-8345-d02375761017" />
      <TestMethod codeBase="H:\MahjongGame\Services\GuiyangMahjong.Allocator.Tests\bin\Release\net10.0\GuiyangMahjong.Allocator.Tests.dll" adapterTypeName="executor://xunit/VsTestRunner3/netcore/" className="GuiyangMahjong.Allocator.Tests.GameServerInstanceManagerTests" name="Drain_RetriesPersistedDrainingInstance" />
    </UnitTest>
    <UnitTest name="GuiyangMahjong.Allocator.Tests.GameServerInstanceManagerTests.RegistrationCredential_IsOneTimeAndInvalidCredentialIsRejected" storage="h:\mahjonggame\services\guiyangmahjong.allocator.tests\bin\release\net10.0\guiyangmahjong.allocator.tests.dll" id="631463de-a5cf-f79f-9cca-9ce58407706a">
      <Execution id="0e26322f-80ba-4018-b2b6-0b5c194f0c14" />
      <TestMethod codeBase="H:\MahjongGame\Services\GuiyangMahjong.Allocator.Tests\bin\Release\net10.0\GuiyangMahjong.Allocator.Tests.dll" adapterTypeName="executor://xunit/VsTestRunner3/netcore/" className="GuiyangMahjong.Allocator.Tests.GameServerInstanceManagerTests" name="RegistrationCredential_IsOneTimeAndInvalidCredentialIsRejected" />
    </UnitTest>
  </TestDefinitions>
  <TestEntries>
    <TestEntry testId="b775bcd2-df29-5437-6c7f-d4ce5dcc9151" executionId="1dabe8dc-2a0b-4166-a2a3-2e9d80e3c041" testListId="8c84fa94-04c1-424b-9868-57a2d4851a1d" />
    <TestEntry testId="5a386c28-c980-3a16-b5cf-88fa7d474f8f" executionId="9bfe4900-02b9-487e-baae-9c26dbb1e1f6" testListId="8c84fa94-04c1-424b-9868-57a2d4851a1d" />
    <TestEntry testId="631463de-a5cf-f79f-9cca-9ce58407706a" executionId="0e26322f-80ba-4018-b2b6-0b5c194f0c14" testListId="8c84fa94-04c1-424b-9868-57a2d4851a1d" />
    <TestEntry testId="f569ce45-dd17-d535-e7f8-46629b5a8493" executionId="e16e9c13-4fa5-4f05-8a18-f6ddfc912333" testListId="8c84fa94-04c1-424b-9868-57a2d4851a1d" />
    <TestEntry testId="59d52b99-f543-e1ed-0350-361d05d9334d" executionId="3b23f9c5-89f7-416b-882a-03ad03bf1b15" testListId="8c84fa94-04c1-424b-9868-57a2d4851a1d" />
    <TestEntry testId="937b5fa5-f8c2-4a72-fb7f-243a3d3d5e96" executionId="b3765db4-f038-4c3e-aa38-4ed0e385fb9b" testListId="8c84fa94-04c1-424b-9868-57a2d4851a1d" />
    <TestEntry testId="0136cb85-763e-e794-7655-b68b31939329" executionId="ff486fc6-9ea5-4cb2-b638-85157c15d4d5" testListId="8c84fa94-04c1-424b-9868-57a2d4851a1d" />
    <TestEntry testId="1f55b3d5-9015-6eda-77f6-be3dfb94a08a" executionId="70a758fc-d7d9-458d-956a-3f2af4eac3c9" testListId="8c84fa94-04c1-424b-9868-57a2d4851a1d" />
    <TestEntry testId="d7b2109d-e4ad-a22c-728f-9755d3fb10dd" executionId="c52b54b4-81ed-487b-a3f2-773807865847" testListId="8c84fa94-04c1-424b-9868-57a2d4851a1d" />
    <TestEntry testId="eab88fb0-9e2d-514a-e6bb-67b700fa88ca" executionId="05004a38-71f5-4827-b600-d99d9316b47f" testListId="8c84fa94-04c1-424b-9868-57a2d4851a1d" />
    <TestEntry testId="ccc949ec-3bf2-6ae8-a700-1240d2c96984" executionId="ec0cd977-4da8-410b-b2cd-55b7e920bed6" testListId="8c84fa94-04c1-424b-9868-57a2d4851a1d" />
    <TestEntry testId="6b947eda-f8ec-3f83-531f-142ed3e28001" executionId="af2ce192-9ddd-4a3b-b1d8-8cbe7f022774" testListId="8c84fa94-04c1-424b-9868-57a2d4851a1d" />
    <TestEntry testId="375efa04-1d60-e80a-fc8f-d2a2b4585d57" executionId="89dc5851-e52f-46f0-9c48-43af0b9e38bf" testListId="8c84fa94-04c1-424b-9868-57a2d4851a1d" />
    <TestEntry testId="c88a4758-6f8e-9b43-d1ad-cecd5241de7b" executionId="8d5d0d3e-dd7d-49bc-9f5b-e811ea844333" testListId="8c84fa94-04c1-424b-9868-57a2d4851a1d" />
    <TestEntry testId="a60beb06-831f-8aaf-a6a2-45d4c31da5db" executionId="5be92efd-6e91-4fce-ab49-6d82e2a8c351" testListId="8c84fa94-04c1-424b-9868-57a2d4851a1d" />
    <TestEntry testId="3f5ae5d7-dbdc-0d6e-9f4f-4771de421745" executionId="a2af3253-ec10-4a92-baae-245edfd2c2e7" testListId="8c84fa94-04c1-424b-9868-57a2d4851a1d" />
    <TestEntry testId="c9f4cb37-6569-fa04-3120-777300ef33b0" executionId="9929be14-0df2-4c74-a032-0dad11b9577d" testListId="8c84fa94-04c1-424b-9868-57a2d4851a1d" />
    <TestEntry testId="ef3ecdf6-5926-27dc-701d-92e5e0ac80cf" executionId="fa57c2f7-bb78-4c06-946e-675990216398" testListId="8c84fa94-04c1-424b-9868-57a2d4851a1d" />
    <TestEntry testId="fa5474f4-263c-996f-b6b9-c70bb722f4b6" executionId="8d97a68f-6836-4958-9df3-3fed833ab000" testListId="8c84fa94-04c1-424b-9868-57a2d4851a1d" />
    <TestEntry testId="422ee544-1f8d-4f96-8aea-9addf40ab1a4" executionId="2698d626-b55f-4292-8345-d02375761017" testListId="8c84fa94-04c1-424b-9868-57a2d4851a1d" />
  </TestEntries>
  <TestLists>
    <TestList name="列表中未列出的结果" id="8c84fa94-04c1-424b-9868-57a2d4851a1d" />
    <TestList name="所有已加载的结果" id="19431567-8539-422a-85d7-44ee4e166bda" />
  </TestLists>
  <ResultSummary outcome="Completed">
    <Counters total="20" executed="20" passed="20" failed="0" error="0" timeout="0" aborted="0" inconclusive="0" passedButRunAborted="0" notRunnable="0" notExecuted="0" disconnected="0" warning="0" completed="0" inProgress="0" pending="0" />
    <Output>
      <StdOut>[xUnit.net 00:00:00.00] xUnit.net VSTest Adapter v3.1.4+50e68bbb8b (64-bit .NET 10.0.2)&#xD;
[xUnit.net 00:00:00.43]   Discovering: GuiyangMahjong.Allocator.Tests&#xD;
[xUnit.net 00:00:00.46]   Discovered:  GuiyangMahjong.Allocator.Tests&#xD;
[xUnit.net 00:00:00.48]   Starting:    GuiyangMahjong.Allocator.Tests&#xD;
[xUnit.net 00:00:00.63]   Finished:    GuiyangMahjong.Allocator.Tests&#xD;
</StdOut>
    </Output>
  </ResultSummary>
</TestRun>